// Jest Snapshot v1, https://goo.gl/fbAQLP

exports[`Component renders a snapshot 1`] = `<renderBlueprintInput />`;

exports[`Component renders a snapshot 2`] = `<renderBlueprintCheckbox />`;

exports[`Component renders a snapshot 3`] = `<renderBlueprintTextarea />`;

exports[`Component renders a snapshot 4`] = `<renderBlueprintNumericInput />`;

exports[`Component renders a snapshot 5`] = `<renderBlueprintNumericRadio />`;

exports[`Component renders a snapshot 6`] = `<renderBlueprintNumericSelector />`;
